Copyright 1986-2022 Xilinx, Inc. All Rights Reserved. Copyright 2022-2023 Advanced Micro Devices, Inc. All Rights Reserved.
---------------------------------------------------------------------------------------------------------------------------------------------
| Tool Version : Vivado v.2023.2 (win64) Build 4029153 Fri Oct 13 20:14:34 MDT 2023
| Date         : Wed Apr 15 17:47:27 2026
| Host         : gxy running 64-bit major release  (build 9200)
| Command      : report_control_sets -verbose -file RO_TRNG_top_control_sets_placed.rpt
| Design       : RO_TRNG_top
| Device       : xc7z020
---------------------------------------------------------------------------------------------------------------------------------------------

Control Set Information

Table of Contents
-----------------
1. Summary
2. Histogram
3. Flip-Flop Distribution
4. Detailed Control Set Information

1. Summary
----------

+----------------------------------------------------------+-------+
|                          Status                          | Count |
+----------------------------------------------------------+-------+
| Total control sets                                       |    18 |
|    Minimum number of control sets                        |    18 |
|    Addition due to synthesis replication                 |     0 |
|    Addition due to physical synthesis replication        |     0 |
| Unused register locations in slices containing registers |    29 |
+----------------------------------------------------------+-------+
* Control sets can be merged at opt_design using control_set_merge or merge_equivalent_drivers
** Run report_qor_suggestions for automated merging and remapping suggestions


2. Histogram
------------

+--------------------+-------+
|       Fanout       | Count |
+--------------------+-------+
| Total control sets |    18 |
| >= 0 to < 4        |     1 |
| >= 4 to < 6        |     1 |
| >= 6 to < 8        |     1 |
| >= 8 to < 10       |    10 |
| >= 10 to < 12      |     0 |
| >= 12 to < 14      |     0 |
| >= 14 to < 16      |     1 |
| >= 16              |     4 |
+--------------------+-------+
* Control sets can be remapped at either synth_design or opt_design


3. Flip-Flop Distribution
-------------------------

+--------------+-----------------------+------------------------+-----------------+--------------+
| Clock Enable | Synchronous Set/Reset | Asynchronous Set/Reset | Total Registers | Total Slices |
+--------------+-----------------------+------------------------+-----------------+--------------+
| No           | No                    | No                     |             156 |           42 |
| No           | No                    | Yes                    |              25 |           11 |
| No           | Yes                   | No                     |               4 |            2 |
| Yes          | No                    | No                     |              52 |           11 |
| Yes          | No                    | Yes                    |               8 |            2 |
| Yes          | Yes                   | No                     |               6 |            1 |
+--------------+-----------------------+------------------------+-----------------+--------------+


4. Detailed Control Set Information
-----------------------------------

+--------------------------------------------------------+--------------------------------------------------------------------------------------------------------------------------+---------------------------------------------+------------------+----------------+--------------+
|                      Clock Signal                      |                                                       Enable Signal                                                      |               Set/Reset Signal              | Slice Load Count | Bel Load Count | Bels / Slice |
+--------------------------------------------------------+--------------------------------------------------------------------------------------------------------------------------+---------------------------------------------+------------------+----------------+--------------+
|  u_entropy_source/RO_SAMPLE_LOOP[7].u_LUT6_not1/in0[0] |                                                                                                                          |                                             |                1 |              1 |         1.00 |
|  u_clk_wiz_0/inst/clk_out1                             |                                                                                                                          | u_proc_sys_reset_0/U0/EXT_LPF/lpf_int       |                2 |              4 |         2.00 |
|  u_clk_wiz_0/inst/clk_out1                             | u_proc_sys_reset_0/U0/SEQ/seq_cnt_en                                                                                     | u_proc_sys_reset_0/U0/SEQ/SEQ_COUNTER/clear |                1 |              6 |         6.00 |
|  u_entropy_source/RO_SAMPLE_NAND.u_LUT6_nand2_1/in0[0] |                                                                                                                          |                                             |                3 |              8 |         2.67 |
|  u_entropy_source/RO_SAMPLE_LOOP[4].u_LUT6_not1/in0[0] |                                                                                                                          |                                             |                2 |              8 |         4.00 |
|  u_entropy_source/RO_SAMPLE_LOOP[0].u_LUT6_not1/in0[0] |                                                                                                                          |                                             |                2 |              8 |         4.00 |
|  u_entropy_source/RO_SAMPLE_LOOP[3].u_LUT6_not1/in0[0] |                                                                                                                          |                                             |                1 |              8 |         8.00 |
|  u_entropy_source/RO_SAMPLE_LOOP[6].u_LUT6_not1/in0[0] |                                                                                                                          |                                             |                2 |              8 |         4.00 |
|  u_entropy_source/RO_SAMPLE_LOOP[5].u_LUT6_not1/in0[0] |                                                                                                                          |                                             |                2 |              8 |         4.00 |
|  u_entropy_source/RO_SAMPLE_LOOP[2].u_LUT6_not1/in0[0] |                                                                                                                          |                                             |                2 |              8 |         4.00 |
|  u_entropy_source/RO_SAMPLE_LOOP[1].u_LUT6_not1/in0[0] |                                                                                                                          |                                             |                2 |              8 |         4.00 |
|  u_clk_wiz_0/inst/clk_out1                             | u_fifo_generator_0/U0/inst_fifo_gen/gconvfifo.rf/grf.rf/gntv_or_sync_fifo.gl0.rd/gr1.gr1_int.rfwft/E[0]                  |                                             |                2 |              8 |         4.00 |
|  u_clk_wiz_0/inst/clk_out1                             | u_uart_tx/tx_data_latch0                                                                                                 | u_uart_tx/FSM_onehot_state[3]_i_2_n_0       |                2 |              8 |         4.00 |
|  u_clk_wiz_0/inst/clk_out1                             | u_fifo_generator_0/U0/inst_fifo_gen/gconvfifo.rf/grf.rf/gntv_or_sync_fifo.gl0.rd/gr1.gr1_int.rfwft/ram_empty_fb_i_reg[0] |                                             |                3 |             14 |         4.67 |
|  u_clk_wiz_0/inst/clk_out1                             |                                                                                                                          | u_uart_tx/FSM_onehot_state[3]_i_2_n_0       |               11 |             25 |         2.27 |
|  u_entropy_source/clk_o                                |                                                                                                                          |                                             |                7 |             30 |         4.29 |
|  u_entropy_source/clk_o                                | u_fifo_generator_0/U0/inst_fifo_gen/gconvfifo.rf/grf.rf/gntv_or_sync_fifo.gl0.wr/gwas.wsts/E[0]                          |                                             |                6 |             30 |         5.00 |
|  u_clk_wiz_0/inst/clk_out1                             |                                                                                                                          |                                             |               19 |             62 |         3.26 |
+--------------------------------------------------------+--------------------------------------------------------------------------------------------------------------------------+---------------------------------------------+------------------+----------------+--------------+


