Copyright 1986-2022 Xilinx, Inc. All Rights Reserved. Copyright 2022-2023 Advanced Micro Devices, Inc. All Rights Reserved.
-----------------------------------------------------------------------------------------------------------------------------------------------------------------------
| Tool Version : Vivado v.2023.2 (win64) Build 4029153 Fri Oct 13 20:14:34 MDT 2023
| Date         : Wed Apr 15 17:48:01 2026
| Host         : gxy running 64-bit major release  (build 9200)
| Command      : report_methodology -file RO_TRNG_top_methodology_drc_routed.rpt -pb RO_TRNG_top_methodology_drc_routed.pb -rpx RO_TRNG_top_methodology_drc_routed.rpx
| Design       : RO_TRNG_top
| Device       : xc7z020clg400-2
| Speed File   : -2
| Design State : Fully Routed
-----------------------------------------------------------------------------------------------------------------------------------------------------------------------

Report Methodology

Table of Contents
-----------------
1. REPORT SUMMARY
2. REPORT DETAILS

1. REPORT SUMMARY
-----------------
            Netlist: netlist
          Floorplan: design_1
      Design limits: <entire design considered>
             Max violations: <unlimited>
             Violations found: 45
+-----------+------------------+----------------------------------------------------+------------+
| Rule      | Severity         | Description                                        | Violations |
+-----------+------------------+----------------------------------------------------+------------+
| TIMING-2  | Critical Warning | Invalid primary clock source pin                   | 9          |
| TIMING-4  | Critical Warning | Invalid primary clock redefinition on a clock tree | 9          |
| TIMING-14 | Critical Warning | LUT on the clock tree                              | 9          |
| TIMING-9  | Warning          | Unknown CDC Logic                                  | 1          |
| TIMING-23 | Warning          | Combinational loop found                           | 8          |
| XDCB-5    | Warning          | Runtime inefficient way to find pin objects        | 9          |
+-----------+------------------+----------------------------------------------------+------------+

2. REPORT DETAILS
-----------------
TIMING-2#1 Critical Warning
Invalid primary clock source pin  
A primary clock clk_sample0 is created on an inappropriate pin u_entropy_source/RO_SAMPLE_NAND.u_LUT6_nand2_1/u_LUT6/O. It is recommended to create a primary clock only on a proper clock source (input port or primitive output pin with no timing arc)
Related violations: <none>

TIMING-2#2 Critical Warning
Invalid primary clock source pin  
A primary clock clk_sample1 is created on an inappropriate pin u_entropy_source/RO_SAMPLE_LOOP[0].u_LUT6_not1/u_LUT6/O. It is recommended to create a primary clock only on a proper clock source (input port or primitive output pin with no timing arc)
Related violations: <none>

TIMING-2#3 Critical Warning
Invalid primary clock source pin  
A primary clock clk_sample2 is created on an inappropriate pin u_entropy_source/RO_SAMPLE_LOOP[1].u_LUT6_not1/u_LUT6/O. It is recommended to create a primary clock only on a proper clock source (input port or primitive output pin with no timing arc)
Related violations: <none>

TIMING-2#4 Critical Warning
Invalid primary clock source pin  
A primary clock clk_sample3 is created on an inappropriate pin u_entropy_source/RO_SAMPLE_LOOP[2].u_LUT6_not1/u_LUT6/O. It is recommended to create a primary clock only on a proper clock source (input port or primitive output pin with no timing arc)
Related violations: <none>

TIMING-2#5 Critical Warning
Invalid primary clock source pin  
A primary clock clk_sample4 is created on an inappropriate pin u_entropy_source/RO_SAMPLE_LOOP[3].u_LUT6_not1/u_LUT6/O. It is recommended to create a primary clock only on a proper clock source (input port or primitive output pin with no timing arc)
Related violations: <none>

TIMING-2#6 Critical Warning
Invalid primary clock source pin  
A primary clock clk_sample5 is created on an inappropriate pin u_entropy_source/RO_SAMPLE_LOOP[4].u_LUT6_not1/u_LUT6/O. It is recommended to create a primary clock only on a proper clock source (input port or primitive output pin with no timing arc)
Related violations: <none>

TIMING-2#7 Critical Warning
Invalid primary clock source pin  
A primary clock clk_sample6 is created on an inappropriate pin u_entropy_source/RO_SAMPLE_LOOP[5].u_LUT6_not1/u_LUT6/O. It is recommended to create a primary clock only on a proper clock source (input port or primitive output pin with no timing arc)
Related violations: <none>

TIMING-2#8 Critical Warning
Invalid primary clock source pin  
A primary clock clk_sample7 is created on an inappropriate pin u_entropy_source/RO_SAMPLE_LOOP[6].u_LUT6_not1/u_LUT6/O. It is recommended to create a primary clock only on a proper clock source (input port or primitive output pin with no timing arc)
Related violations: <none>

TIMING-2#9 Critical Warning
Invalid primary clock source pin  
A primary clock clk_sample8 is created on an inappropriate pin u_entropy_source/RO_SAMPLE_LOOP[7].u_LUT6_not1/u_LUT6/O. It is recommended to create a primary clock only on a proper clock source (input port or primitive output pin with no timing arc)
Related violations: <none>

TIMING-4#1 Critical Warning
Invalid primary clock redefinition on a clock tree  
Invalid clock redefinition on a clock tree. The primary clock clk_sample0 is defined downstream of clock clk_sample8 and overrides its insertion delay and/or waveform definition
Related violations: <none>

TIMING-4#2 Critical Warning
Invalid primary clock redefinition on a clock tree  
Invalid clock redefinition on a clock tree. The primary clock clk_sample1 is defined downstream of clock clk_sample0 and overrides its insertion delay and/or waveform definition
Related violations: <none>

TIMING-4#3 Critical Warning
Invalid primary clock redefinition on a clock tree  
Invalid clock redefinition on a clock tree. The primary clock clk_sample2 is defined downstream of clock clk_sample1 and overrides its insertion delay and/or waveform definition
Related violations: <none>

TIMING-4#4 Critical Warning
Invalid primary clock redefinition on a clock tree  
Invalid clock redefinition on a clock tree. The primary clock clk_sample3 is defined downstream of clock clk_sample2 and overrides its insertion delay and/or waveform definition
Related violations: <none>

TIMING-4#5 Critical Warning
Invalid primary clock redefinition on a clock tree  
Invalid clock redefinition on a clock tree. The primary clock clk_sample4 is defined downstream of clock clk_sample3 and overrides its insertion delay and/or waveform definition
Related violations: <none>

TIMING-4#6 Critical Warning
Invalid primary clock redefinition on a clock tree  
Invalid clock redefinition on a clock tree. The primary clock clk_sample5 is defined downstream of clock clk_sample4 and overrides its insertion delay and/or waveform definition
Related violations: <none>

TIMING-4#7 Critical Warning
Invalid primary clock redefinition on a clock tree  
Invalid clock redefinition on a clock tree. The primary clock clk_sample6 is defined downstream of clock clk_sample5 and overrides its insertion delay and/or waveform definition
Related violations: <none>

TIMING-4#8 Critical Warning
Invalid primary clock redefinition on a clock tree  
Invalid clock redefinition on a clock tree. The primary clock clk_sample7 is defined downstream of clock clk_sample6 and overrides its insertion delay and/or waveform definition
Related violations: <none>

TIMING-4#9 Critical Warning
Invalid primary clock redefinition on a clock tree  
Invalid clock redefinition on a clock tree. The primary clock clk_sample8 is defined downstream of clock clk_sample7 and overrides its insertion delay and/or waveform definition
Related violations: <none>

TIMING-14#1 Critical Warning
LUT on the clock tree  
The LUT u_entropy_source/RO_SAMPLE_LOOP[0].u_LUT6_not1/u_LUT6 has been found on the clock tree. Run opt_design to optimize the clock trees, then re-run report_methodology. If LUT(s) are still present in the clock trees, modify the RTL or the synthesis options accordingly to move the clock gating logic to dedicated clock enable resources. Keep in mind that post-opt_design database cannot be used for pin-planning tasks
Related violations: <none>

TIMING-14#2 Critical Warning
LUT on the clock tree  
The LUT u_entropy_source/RO_SAMPLE_LOOP[1].u_LUT6_not1/u_LUT6 has been found on the clock tree. Run opt_design to optimize the clock trees, then re-run report_methodology. If LUT(s) are still present in the clock trees, modify the RTL or the synthesis options accordingly to move the clock gating logic to dedicated clock enable resources. Keep in mind that post-opt_design database cannot be used for pin-planning tasks
Related violations: <none>

TIMING-14#3 Critical Warning
LUT on the clock tree  
The LUT u_entropy_source/RO_SAMPLE_LOOP[2].u_LUT6_not1/u_LUT6 has been found on the clock tree. Run opt_design to optimize the clock trees, then re-run report_methodology. If LUT(s) are still present in the clock trees, modify the RTL or the synthesis options accordingly to move the clock gating logic to dedicated clock enable resources. Keep in mind that post-opt_design database cannot be used for pin-planning tasks
Related violations: <none>

TIMING-14#4 Critical Warning
LUT on the clock tree  
The LUT u_entropy_source/RO_SAMPLE_LOOP[3].u_LUT6_not1/u_LUT6 has been found on the clock tree. Run opt_design to optimize the clock trees, then re-run report_methodology. If LUT(s) are still present in the clock trees, modify the RTL or the synthesis options accordingly to move the clock gating logic to dedicated clock enable resources. Keep in mind that post-opt_design database cannot be used for pin-planning tasks
Related violations: <none>

TIMING-14#5 Critical Warning
LUT on the clock tree  
The LUT u_entropy_source/RO_SAMPLE_LOOP[4].u_LUT6_not1/u_LUT6 has been found on the clock tree. Run opt_design to optimize the clock trees, then re-run report_methodology. If LUT(s) are still present in the clock trees, modify the RTL or the synthesis options accordingly to move the clock gating logic to dedicated clock enable resources. Keep in mind that post-opt_design database cannot be used for pin-planning tasks
Related violations: <none>

TIMING-14#6 Critical Warning
LUT on the clock tree  
The LUT u_entropy_source/RO_SAMPLE_LOOP[5].u_LUT6_not1/u_LUT6 has been found on the clock tree. Run opt_design to optimize the clock trees, then re-run report_methodology. If LUT(s) are still present in the clock trees, modify the RTL or the synthesis options accordingly to move the clock gating logic to dedicated clock enable resources. Keep in mind that post-opt_design database cannot be used for pin-planning tasks
Related violations: <none>

TIMING-14#7 Critical Warning
LUT on the clock tree  
The LUT u_entropy_source/RO_SAMPLE_LOOP[6].u_LUT6_not1/u_LUT6 has been found on the clock tree. Run opt_design to optimize the clock trees, then re-run report_methodology. If LUT(s) are still present in the clock trees, modify the RTL or the synthesis options accordingly to move the clock gating logic to dedicated clock enable resources. Keep in mind that post-opt_design database cannot be used for pin-planning tasks
Related violations: <none>

TIMING-14#8 Critical Warning
LUT on the clock tree  
The LUT u_entropy_source/RO_SAMPLE_LOOP[7].u_LUT6_not1/u_LUT6 has been found on the clock tree. Run opt_design to optimize the clock trees, then re-run report_methodology. If LUT(s) are still present in the clock trees, modify the RTL or the synthesis options accordingly to move the clock gating logic to dedicated clock enable resources. Keep in mind that post-opt_design database cannot be used for pin-planning tasks
Related violations: <none>

TIMING-14#9 Critical Warning
LUT on the clock tree  
The LUT u_entropy_source/RO_SAMPLE_NAND.u_LUT6_nand2_1/u_LUT6 has been found on the clock tree. Run opt_design to optimize the clock trees, then re-run report_methodology. If LUT(s) are still present in the clock trees, modify the RTL or the synthesis options accordingly to move the clock gating logic to dedicated clock enable resources. Keep in mind that post-opt_design database cannot be used for pin-planning tasks
Related violations: <none>

TIMING-9#1 Warning
Unknown CDC Logic  
One or more asynchronous Clock Domain Crossing has been detected between 2 clock domains through a set_false_path or a set_clock_groups or set_max_delay -datapath_only constraint but no double-registers logic synchronizer has been found on the side of the capture clock. It is recommended to run report_cdc for a complete and detailed CDC coverage. Please consider using XPM_CDC to avoid Critical severities
Related violations: <none>

TIMING-23#1 Warning
Combinational loop found  
A timing loop has been detected on a combinational path. A timing arc has been disabled between u_entropy_source/RO_NUM_LOOP[0].RO_AND.u_LUT6_and2_1/u_LUT6/I1 and u_entropy_source/RO_NUM_LOOP[0].RO_AND.u_LUT6_and2_1/u_LUT6/O to disable the timing loop
Related violations: <none>

TIMING-23#2 Warning
Combinational loop found  
A timing loop has been detected on a combinational path. A timing arc has been disabled between u_entropy_source/RO_NUM_LOOP[1].RO_AND.u_LUT6_and2_1/u_LUT6/I1 and u_entropy_source/RO_NUM_LOOP[1].RO_AND.u_LUT6_and2_1/u_LUT6/O to disable the timing loop
Related violations: <none>

TIMING-23#3 Warning
Combinational loop found  
A timing loop has been detected on a combinational path. A timing arc has been disabled between u_entropy_source/RO_NUM_LOOP[2].RO_AND.u_LUT6_and2_1/u_LUT6/I1 and u_entropy_source/RO_NUM_LOOP[2].RO_AND.u_LUT6_and2_1/u_LUT6/O to disable the timing loop
Related violations: <none>

TIMING-23#4 Warning
Combinational loop found  
A timing loop has been detected on a combinational path. A timing arc has been disabled between u_entropy_source/RO_NUM_LOOP[3].RO_AND.u_LUT6_and2_1/u_LUT6/I1 and u_entropy_source/RO_NUM_LOOP[3].RO_AND.u_LUT6_and2_1/u_LUT6/O to disable the timing loop
Related violations: <none>

TIMING-23#5 Warning
Combinational loop found  
A timing loop has been detected on a combinational path. A timing arc has been disabled between u_entropy_source/RO_NUM_LOOP[4].RO_AND.u_LUT6_and2_1/u_LUT6/I1 and u_entropy_source/RO_NUM_LOOP[4].RO_AND.u_LUT6_and2_1/u_LUT6/O to disable the timing loop
Related violations: <none>

TIMING-23#6 Warning
Combinational loop found  
A timing loop has been detected on a combinational path. A timing arc has been disabled between u_entropy_source/RO_NUM_LOOP[5].RO_AND.u_LUT6_and2_1/u_LUT6/I1 and u_entropy_source/RO_NUM_LOOP[5].RO_AND.u_LUT6_and2_1/u_LUT6/O to disable the timing loop
Related violations: <none>

TIMING-23#7 Warning
Combinational loop found  
A timing loop has been detected on a combinational path. A timing arc has been disabled between u_entropy_source/RO_NUM_LOOP[6].RO_AND.u_LUT6_and2_1/u_LUT6/I1 and u_entropy_source/RO_NUM_LOOP[6].RO_AND.u_LUT6_and2_1/u_LUT6/O to disable the timing loop
Related violations: <none>

TIMING-23#8 Warning
Combinational loop found  
A timing loop has been detected on a combinational path. A timing arc has been disabled between u_entropy_source/RO_NUM_LOOP[7].RO_AND.u_LUT6_and2_1/u_LUT6/I1 and u_entropy_source/RO_NUM_LOOP[7].RO_AND.u_LUT6_and2_1/u_LUT6/O to disable the timing loop
Related violations: <none>

XDCB-5#1 Warning
Runtime inefficient way to find pin objects  
The option 'objects : [get_pins -hierarchical -filter {NAME =~ *u_entropy_source/RO_SAMPLE_LOOP[0].u_LUT6_not1/u_LUT6/O}]' of constraint 'create_clock' uses inefficient query to find pin objects (see constraint position '7' in the Timing Constraint window in Vivado IDE). To reduce runtime, it is recommended to get the pins through the cell objects. Please refer to Using Constraints Guide (Constraints Efficiency). An example of optimal query is: get_pins -filter {REF_PIN_NAME=~yy*} -of_objects [get_cells -hierarchical xx*].
Current XDC: E:/Project/MLDSA/RO_TRNG/fpga1/xc7z020clg400/xc7z020clg400.srcs/constrs_1/imports/new/timing.xdc (Line: 8)
Related violations: <none>

XDCB-5#2 Warning
Runtime inefficient way to find pin objects  
The option 'objects : [get_pins -hierarchical -filter {NAME =~ *u_entropy_source/RO_SAMPLE_LOOP[1].u_LUT6_not1/u_LUT6/O}]' of constraint 'create_clock' uses inefficient query to find pin objects (see constraint position '8' in the Timing Constraint window in Vivado IDE). To reduce runtime, it is recommended to get the pins through the cell objects. Please refer to Using Constraints Guide (Constraints Efficiency). An example of optimal query is: get_pins -filter {REF_PIN_NAME=~yy*} -of_objects [get_cells -hierarchical xx*].
Current XDC: E:/Project/MLDSA/RO_TRNG/fpga1/xc7z020clg400/xc7z020clg400.srcs/constrs_1/imports/new/timing.xdc (Line: 9)
Related violations: <none>

XDCB-5#3 Warning
Runtime inefficient way to find pin objects  
The option 'objects : [get_pins -hierarchical -filter {NAME =~ *u_entropy_source/RO_SAMPLE_LOOP[2].u_LUT6_not1/u_LUT6/O}]' of constraint 'create_clock' uses inefficient query to find pin objects (see constraint position '9' in the Timing Constraint window in Vivado IDE). To reduce runtime, it is recommended to get the pins through the cell objects. Please refer to Using Constraints Guide (Constraints Efficiency). An example of optimal query is: get_pins -filter {REF_PIN_NAME=~yy*} -of_objects [get_cells -hierarchical xx*].
Current XDC: E:/Project/MLDSA/RO_TRNG/fpga1/xc7z020clg400/xc7z020clg400.srcs/constrs_1/imports/new/timing.xdc (Line: 10)
Related violations: <none>

XDCB-5#4 Warning
Runtime inefficient way to find pin objects  
The option 'objects : [get_pins -hierarchical -filter {NAME =~ *u_entropy_source/RO_SAMPLE_LOOP[3].u_LUT6_not1/u_LUT6/O}]' of constraint 'create_clock' uses inefficient query to find pin objects (see constraint position '10' in the Timing Constraint window in Vivado IDE). To reduce runtime, it is recommended to get the pins through the cell objects. Please refer to Using Constraints Guide (Constraints Efficiency). An example of optimal query is: get_pins -filter {REF_PIN_NAME=~yy*} -of_objects [get_cells -hierarchical xx*].
Current XDC: E:/Project/MLDSA/RO_TRNG/fpga1/xc7z020clg400/xc7z020clg400.srcs/constrs_1/imports/new/timing.xdc (Line: 11)
Related violations: <none>

XDCB-5#5 Warning
Runtime inefficient way to find pin objects  
The option 'objects : [get_pins -hierarchical -filter {NAME =~ *u_entropy_source/RO_SAMPLE_LOOP[4].u_LUT6_not1/u_LUT6/O}]' of constraint 'create_clock' uses inefficient query to find pin objects (see constraint position '11' in the Timing Constraint window in Vivado IDE). To reduce runtime, it is recommended to get the pins through the cell objects. Please refer to Using Constraints Guide (Constraints Efficiency). An example of optimal query is: get_pins -filter {REF_PIN_NAME=~yy*} -of_objects [get_cells -hierarchical xx*].
Current XDC: E:/Project/MLDSA/RO_TRNG/fpga1/xc7z020clg400/xc7z020clg400.srcs/constrs_1/imports/new/timing.xdc (Line: 12)
Related violations: <none>

XDCB-5#6 Warning
Runtime inefficient way to find pin objects  
The option 'objects : [get_pins -hierarchical -filter {NAME =~ *u_entropy_source/RO_SAMPLE_LOOP[5].u_LUT6_not1/u_LUT6/O}]' of constraint 'create_clock' uses inefficient query to find pin objects (see constraint position '12' in the Timing Constraint window in Vivado IDE). To reduce runtime, it is recommended to get the pins through the cell objects. Please refer to Using Constraints Guide (Constraints Efficiency). An example of optimal query is: get_pins -filter {REF_PIN_NAME=~yy*} -of_objects [get_cells -hierarchical xx*].
Current XDC: E:/Project/MLDSA/RO_TRNG/fpga1/xc7z020clg400/xc7z020clg400.srcs/constrs_1/imports/new/timing.xdc (Line: 13)
Related violations: <none>

XDCB-5#7 Warning
Runtime inefficient way to find pin objects  
The option 'objects : [get_pins -hierarchical -filter {NAME =~ *u_entropy_source/RO_SAMPLE_LOOP[6].u_LUT6_not1/u_LUT6/O}]' of constraint 'create_clock' uses inefficient query to find pin objects (see constraint position '13' in the Timing Constraint window in Vivado IDE). To reduce runtime, it is recommended to get the pins through the cell objects. Please refer to Using Constraints Guide (Constraints Efficiency). An example of optimal query is: get_pins -filter {REF_PIN_NAME=~yy*} -of_objects [get_cells -hierarchical xx*].
Current XDC: E:/Project/MLDSA/RO_TRNG/fpga1/xc7z020clg400/xc7z020clg400.srcs/constrs_1/imports/new/timing.xdc (Line: 14)
Related violations: <none>

XDCB-5#8 Warning
Runtime inefficient way to find pin objects  
The option 'objects : [get_pins -hierarchical -filter {NAME =~ *u_entropy_source/RO_SAMPLE_LOOP[7].u_LUT6_not1/u_LUT6/O}]' of constraint 'create_clock' uses inefficient query to find pin objects (see constraint position '14' in the Timing Constraint window in Vivado IDE). To reduce runtime, it is recommended to get the pins through the cell objects. Please refer to Using Constraints Guide (Constraints Efficiency). An example of optimal query is: get_pins -filter {REF_PIN_NAME=~yy*} -of_objects [get_cells -hierarchical xx*].
Current XDC: E:/Project/MLDSA/RO_TRNG/fpga1/xc7z020clg400/xc7z020clg400.srcs/constrs_1/imports/new/timing.xdc (Line: 15)
Related violations: <none>

XDCB-5#9 Warning
Runtime inefficient way to find pin objects  
The option 'objects : [get_pins -hierarchical -filter {NAME =~ *u_entropy_source/RO_SAMPLE_NAND.u_LUT6_nand2_1/u_LUT6/O}]' of constraint 'create_clock' uses inefficient query to find pin objects (see constraint position '6' in the Timing Constraint window in Vivado IDE). To reduce runtime, it is recommended to get the pins through the cell objects. Please refer to Using Constraints Guide (Constraints Efficiency). An example of optimal query is: get_pins -filter {REF_PIN_NAME=~yy*} -of_objects [get_cells -hierarchical xx*].
Current XDC: E:/Project/MLDSA/RO_TRNG/fpga1/xc7z020clg400/xc7z020clg400.srcs/constrs_1/imports/new/timing.xdc (Line: 7)
Related violations: <none>


